// Jest Snapshot v1, https://goo.gl/fbAQLP

exports[`returns code and frontmatter 1`] = `
<div>
  
  <h1>
    This is the title
  </h1>
  

  <p>
    Here's 
    <strong>
      neat
    </strong>
     demo:
  </p>
  
</div>
`;
